........................................................................ [ 54%]
...........................................................              [100%]
============================== warnings summary ===============================
venv\lib\site-packages\websockets\legacy\__init__.py:6
  C:\tradingbot\venv\lib\site-packages\websockets\legacy\__init__.py:6: DeprecationWarning: websockets.legacy is deprecated; see https://websockets.readthedocs.io/en/stable/howto/upgrade.html for upgrade instructions
    warnings.warn(  # deprecated in 14.0 - 2024-11-09

-- Docs: https://docs.pytest.org/en/stable/how-to/capture-warnings.html
131 passed, 1 warning in 15.56s
